// Vitest Snapshot v1, https://vitest.dev/guide/snapshot.html

exports[`generador: reproducibilidad > vector de verificación: hash conocido + versión → structuralHash FIJO (SC-005) 1`] = `
{
  "structuralHash": "83d088893bdf97d25235002346956489ff760045d5a64e75e3f7b41f7bbef709",
  "version": "1.0.0",
}
`;
